// Jest Snapshot v1, https://goo.gl/fbAQLP

exports[`Form should match snapshot 1`] = `
<section>
  <input
    name="name"
    onChange={[Function]}
    placeholder="name..."
    type="text"
    value=""
  />
  <input
    name="date"
    onChange={[Function]}
    placeholder="date..."
    type="text"
    value=""
  />
  <input
    name="time"
    onChange={[Function]}
    placeholder="time..."
    type="text"
    value=""
  />
  <input
    name="number"
    onChange={[Function]}
    placeholder="number..."
    type="number"
    value=""
  />
  <button
    onClick={[Function]}
  >
    Submit Res!
  </button>
</section>
`;
